// Jest Snapshot v1, https://goo.gl/fbAQLP

exports[`Project Header matches the snapshot 1`] = `
<div
  class="gl-align-items-center gl-border-1 gl-border-b-solid gl-border-gray-100 gl-display-flex gl-justify-content-space-between gl-mb-5 gl-pb-3 gl-text-gray-500"
>
  <div
    class="gl-align-items-center gl-display-flex"
  >
    <project-avatar-stub
      class="gl-mr-3"
      projectavatarurl="/namespace-avatar"
      projectid="1"
      projectname="hello"
      size="24"
    />
    <gl-link-stub
      class="gl-mr-3 gl-text-gray-500"
      data-testid="namespace-link"
      href="/hello"
    >
      hello
    </gl-link-stub>
    <span
      class="gl-mr-3"
    >
      &gt;
    </span>
    <project-avatar-stub
      class="gl-mr-3"
      projectavatarurl="/project-avatar"
      projectid="2"
      projectname="world"
      size="24"
    />
    <gl-link-stub
      class="gl-mr-3 gl-text-gray-500"
      data-testid="project-link"
    >
      world
    </gl-link-stub>
  </div>
  <div
    class="gl-display-flex"
  >
    <gl-disclosure-dropdown-stub
      autoclose="true"
      category="primary"
      class="gl-text-gray-500"
      icon="ellipsis_v"
      items=""
      nocaret="true"
      placement="left"
      positioningstrategy="absolute"
      size="medium"
      textsronly="true"
      title="More actions"
      toggleclass="gl-display-flex gl-align-items-center gl-px-3! gl-bg-transparent gl-shadow-none!"
      toggleid="dropdown-toggle-btn-2"
      toggletext="More actions"
      variant="default"
    >
      <gl-disclosure-dropdown-item-stub
        data-testid="remove-project-button"
      >
        <span
          class="gl-text-red-500"
        >
          Remove
        </span>
      </gl-disclosure-dropdown-item-stub>
    </gl-disclosure-dropdown-stub>
  </div>
</div>
`;
