// Jest Snapshot v1, https://goo.gl/fbAQLP

exports[`Corpus Upload component renders total size 1`] = `
<div
  class="gl-align-items-center gl-bg-gray-10 gl-display-flex gl-h-11 gl-justify-content-space-between"
>
  <div
    class="gl-ml-5"
  >
    Total Size:
    <span
      class="gl-font-weight-bold"
      data-testid="total-size"
    >
      400 MB
    </span>
  </div>
</div>
`;
