// Jest Snapshot v1, https://goo.gl/fbAQLP

exports[`EscalationPolicy renders a policy with rules 1`] = `
<div>
  <gl-card-stub
    bodyclass=""
    class="gl-mt-5"
    footerclass=""
    headerclass="[object Object]"
  >
    <gl-collapse-stub
      visible="true"
    >
      <p
        class="gl-mb-5 gl-text-gray-500"
      >
        Description 1 lives here
      </p>
      <div
        class="gl-border-1 gl-border-gray-100 gl-border-solid gl-p-5 gl-rounded-base"
      >
        <div
          class="escalation-rule-row gl-align-items-center gl-display-flex gl-mb-5"
        >
          <span
            class="gl-md-w-full rule-condition"
          >
            <gl-icon-stub
              class="gl-mr-3"
              name="clock"
              size="16"
            />
            IF alert is not acknowledged in
            <span
              class="gl-font-weight-bold"
            >
              1 mins
            </span>
          </span>
          <span
            class="gl-bg-gray-900 gl-display-none gl-flex-shrink-0 gl-lg-display-block gl-min-w-7 gl-mx-5 gl-relative right-arrow"
            style="width: 4%;"
          >
            <i
              class="gl-absolute gl-border-solid gl-p-1 right-arrow-head"
            />
          </span>
          <span
            class="gl-align-items-center gl-display-flex gl-min-w-0"
          >
            <span
              class="gl-text-truncate"
              title=" THEN email on-call user in schedule Schedule to fill in"
            >
              <gl-icon-stub
                class="gl-mr-3"
                name="notifications"
                size="16"
              />
              THEN email on-call user in schedule
              <span
                class="gl-font-weight-bold"
              >
                Schedule to fill in
              </span>
            </span>
          </span>
        </div>
        <div
          class="escalation-rule-row gl-align-items-center gl-display-flex gl-mb-5"
        >
          <span
            class="gl-md-w-full rule-condition"
          >
            <gl-icon-stub
              class="gl-mr-3"
              name="clock"
              size="16"
            />
            IF alert is not resolved in
            <span
              class="gl-font-weight-bold"
            >
              2 mins
            </span>
          </span>
          <span
            class="gl-bg-gray-900 gl-display-none gl-flex-shrink-0 gl-lg-display-block gl-min-w-7 gl-mx-5 gl-relative right-arrow"
            style="width: 8%;"
          >
            <i
              class="gl-absolute gl-border-solid gl-p-1 right-arrow-head"
            />
          </span>
          <span
            class="gl-align-items-center gl-display-flex gl-min-w-0"
          >
            <span
              class="gl-text-truncate"
              title=" THEN email user Lena"
            >
              <gl-icon-stub
                class="gl-mr-3"
                name="notifications"
                size="16"
              />
              THEN email user
              <gl-token-stub
                class="gl-text-white"
                style="background-color: rgb(97, 122, 226);"
                variant="default"
                viewonly="true"
              >
                <gl-avatar-stub
                  alt="avatar"
                  entityid="0"
                  entityname=""
                  shape="circle"
                  size="16"
                  src="avatar.com/lena.png"
                />
                Lena
              </gl-token-stub>
            </span>
          </span>
        </div>
        <div
          class="escalation-rule-row gl-align-items-center gl-display-flex"
        >
          <span
            class="gl-md-w-full rule-condition"
          >
            <gl-icon-stub
              class="gl-mr-3"
              name="clock"
              size="16"
            />
            IF alert is not resolved in
            <span
              class="gl-font-weight-bold"
            >
              4 mins
            </span>
          </span>
          <span
            class="gl-bg-gray-900 gl-display-none gl-flex-shrink-0 gl-lg-display-block gl-min-w-7 gl-mx-5 gl-relative right-arrow"
            style="width: 12%;"
          >
            <i
              class="gl-absolute gl-border-solid gl-p-1 right-arrow-head"
            />
          </span>
          <span
            class="gl-align-items-center gl-display-flex gl-min-w-0"
          >
            <span
              class="gl-text-truncate"
              title=" THEN email user Tim"
            >
              <gl-icon-stub
                class="gl-mr-3"
                name="notifications"
                size="16"
              />
              THEN email user
              <gl-token-stub
                class="gl-text-white"
                style="background-color: rgb(201, 93, 46);"
                variant="default"
                viewonly="true"
              >
                <gl-avatar-stub
                  alt="avatar"
                  entityid="0"
                  entityname=""
                  shape="circle"
                  size="16"
                  src="avatar.com/tim.png"
                />
                Tim
              </gl-token-stub>
            </span>
          </span>
        </div>
      </div>
    </gl-collapse-stub>
  </gl-card-stub>
  <delete-escalation-policy-modal-stub
    escalationpolicy="[object Object]"
    modalid="deleteEscalationPolicyModal-37"
  />
  <edit-escalation-policy-modal-stub
    escalationpolicy="[object Object]"
    iseditmode="true"
    modalid="editEscalationPolicyModal-37"
  />
</div>
`;
