// Jest Snapshot v1, https://goo.gl/fbAQLP

exports[`ScannerProfileSelector renders properly with no profiles 1`] = `
<div
  profiles=""
  props="[object Object]"
>
  <div
    class="gl-mb-4"
  >
    <h4
      class="gl-font-lg gl-mb-2 gl-mt-0"
    >
      Scanner profile
    </h4>
    <p>
      <gl-sprintf-stub
        message="A scanner profile defines the configuration details of a security scanner. %{linkStart}Learn more%{linkEnd}."
      />
    </p>
  </div>
  <empty-state-stub
    class="gl-mb-4"
  >
    No scanner profile selected Select a scanner profile to run a DAST scan
  </empty-state-stub>
  <gl-button-stub
    buttontextclasses=""
    category="secondary"
    data-testid="select-profile-action-btn"
    icon=""
    size="medium"
    variant="confirm"
  >
    Select scanner profile
  </gl-button-stub>
</div>
`;

exports[`ScannerProfileSelector renders properly with profiles 1`] = `
<div
  profiles=""
  props="[object Object]"
>
  <div
    class="gl-mb-4"
  >
    <h4
      class="gl-font-lg gl-mb-2 gl-mt-0"
    >
      Scanner profile
    </h4>
    <p>
      <gl-sprintf-stub
        message="A scanner profile defines the configuration details of a security scanner. %{linkStart}Learn more%{linkEnd}."
      />
    </p>
  </div>
  <empty-state-stub
    class="gl-mb-4"
  >
    No scanner profile selected Select a scanner profile to run a DAST scan
  </empty-state-stub>
  <gl-button-stub
    buttontextclasses=""
    category="secondary"
    data-testid="select-profile-action-btn"
    icon=""
    size="medium"
    variant="confirm"
  >
    Select scanner profile
  </gl-button-stub>
</div>
`;
