// Jest Snapshot v1, https://goo.gl/fbAQLP

exports[`SiteProfileSelector renders properly with no profiles 1`] = `
<div
  profiles=""
  props="[object Object]"
>
  <div
    class="gl-mb-4"
  >
    <h4
      class="gl-font-lg gl-mb-2 gl-mt-0"
    >
      Site profile
    </h4>
    <p>
      <gl-sprintf-stub
        message="A site profile defines the attributes and configuration details of your deployed application, website, or API. %{linkStart}Learn more%{linkEnd}."
      />
    </p>
  </div>
  <empty-state-stub
    class="gl-mb-4"
  >
    No site profile selected Select a site profile to run a DAST scan
  </empty-state-stub>
  <gl-button-stub
    buttontextclasses=""
    category="secondary"
    data-testid="select-profile-action-btn"
    icon=""
    size="medium"
    variant="confirm"
  >
    Select site profile
  </gl-button-stub>
</div>
`;

exports[`SiteProfileSelector renders properly with profiles 1`] = `
<div
  profiles=""
  props="[object Object]"
>
  <div
    class="gl-mb-4"
  >
    <h4
      class="gl-font-lg gl-mb-2 gl-mt-0"
    >
      Site profile
    </h4>
    <p>
      <gl-sprintf-stub
        message="A site profile defines the attributes and configuration details of your deployed application, website, or API. %{linkStart}Learn more%{linkEnd}."
      />
    </p>
  </div>
  <empty-state-stub
    class="gl-mb-4"
  >
    No site profile selected Select a site profile to run a DAST scan
  </empty-state-stub>
  <gl-button-stub
    buttontextclasses=""
    category="secondary"
    data-testid="select-profile-action-btn"
    icon=""
    size="medium"
    variant="confirm"
  >
    Select site profile
  </gl-button-stub>
</div>
`;
